[debug] [2026-05-26T11:36:30.919Z] ----------------------------------------------------------------------
[debug] [2026-05-26T11:36:30.920Z] Command:       /opt/homebrew/Cellar/node/24.2.0/bin/node /opt/homebrew/bin/firebase init
[debug] [2026-05-26T11:36:30.920Z] CLI Version:   14.17.0
[debug] [2026-05-26T11:36:30.920Z] Platform:      darwin
[debug] [2026-05-26T11:36:30.921Z] Node Version:  v24.2.0
[debug] [2026-05-26T11:36:30.921Z] Time:          Tue May 26 2026 19:36:30 GMT+0800 (Singapore Standard Time)
[debug] [2026-05-26T11:36:30.921Z] ----------------------------------------------------------------------
[debug] 
[debug] [2026-05-26T11:36:30.921Z] >>> [apiv2][query] GET https://firebase-public.firebaseio.com/cli.json [none]
[debug] [2026-05-26T11:36:30.939Z] > command requires scopes: ["email","openid","https://www.googleapis.com/auth/cloudplatformprojects.readonly","https://www.googleapis.com/auth/firebase","https://www.googleapis.com/auth/cloud-platform"]
[debug] [2026-05-26T11:36:30.939Z] > authorizing via signed-in user (2000tanjingjie@gmail.com)
[info] 
     ######## #### ########  ######## ########     ###     ######  ########
     ##        ##  ##     ## ##       ##     ##  ##   ##  ##       ##
     ######    ##  ########  ######   ########  #########  ######  ######
     ##        ##  ##    ##  ##       ##     ## ##     ##       ## ##
     ##       #### ##     ## ######## ########  ##     ##  ######  ########

You're about to initialize a Firebase project in this directory:

  /Users/jingjietan/Desktop/latexdiff-project

[debug] [2026-05-26T11:36:31.509Z] <<< [apiv2][status] GET https://firebase-public.firebaseio.com/cli.json 200
[debug] [2026-05-26T11:36:31.510Z] <<< [apiv2][body] GET https://firebase-public.firebaseio.com/cli.json {"cloudBuildErrorAfter":1594252800000,"cloudBuildWarnAfter":1590019200000,"defaultNode10After":1594252800000,"minVersion":"3.0.5","node8DeploysDisabledAfter":1613390400000,"node8RuntimeDisabledAfter":1615809600000,"node8WarnAfter":1600128000000}
